// Jest Snapshot v1, https://goo.gl/fbAQLP

exports[`<MovieTinder> render correctly component 1`] = `
Object {
  "asFragment": [Function],
  "baseElement": <body>
    <div>
      <article
        class="sc-AxgMl cuLIma"
        id="swipeable"
      >
        <div
          class="sc-AxjAm AOfgU"
        >
          Inferno 5.3/10
        </div>
        <div
          class="sc-AxirZ dqVvws"
        >
          <img
            alt="Inferno"
            class="sc-AxiKw jipEWU"
            src="https://images-na.ssl-images-amazon.com/images/M/MV5BMTUzNTE2NTkzMV5BMl5BanBnXkFtZTgwMDAzOTUyMDI@._V1_SY1000_CR0,0,674,1000_AL_.jpg"
            title="Inferno"
          />
        </div>
        <div
          class="sc-AxhCb iLrMEl"
        >
          Lorem ipsum….
        </div>
        <div
          aria-label="outlined secondary button group"
          class="MuiButtonGroup-root sc-AxhUy bKjbty MuiButtonGroup-fullWidth"
          role="group"
        >
          <button
            class="MuiButtonBase-root MuiButton-root MuiButton-contained MuiButtonGroup-grouped MuiButtonGroup-groupedHorizontal MuiButtonGroup-groupedOutlined MuiButtonGroup-groupedOutlinedHorizontal MuiButtonGroup-groupedOutlinedSecondary MuiButton-containedPrimary MuiButton-fullWidth"
            tabindex="0"
            type="button"
          >
            <span
              class="MuiButton-label"
            >
              Accept
            </span>
            <span
              class="MuiTouchRipple-root"
            />
          </button>
          <button
            class="MuiButtonBase-root MuiButton-root MuiButton-contained MuiButtonGroup-grouped MuiButtonGroup-groupedHorizontal MuiButtonGroup-groupedOutlined MuiButtonGroup-groupedOutlinedHorizontal MuiButtonGroup-groupedOutlinedSecondary MuiButton-containedSecondary MuiButton-fullWidth"
            tabindex="0"
            type="button"
          >
            <span
              class="MuiButton-label"
            >
              Reject
            </span>
            <span
              class="MuiTouchRipple-root"
            />
          </button>
        </div>
      </article>
    </div>
  </body>,
  "container": <div>
    <article
      class="sc-AxgMl cuLIma"
      id="swipeable"
    >
      <div
        class="sc-AxjAm AOfgU"
      >
        Inferno 5.3/10
      </div>
      <div
        class="sc-AxirZ dqVvws"
      >
        <img
          alt="Inferno"
          class="sc-AxiKw jipEWU"
          src="https://images-na.ssl-images-amazon.com/images/M/MV5BMTUzNTE2NTkzMV5BMl5BanBnXkFtZTgwMDAzOTUyMDI@._V1_SY1000_CR0,0,674,1000_AL_.jpg"
          title="Inferno"
        />
      </div>
      <div
        class="sc-AxhCb iLrMEl"
      >
        Lorem ipsum….
      </div>
      <div
        aria-label="outlined secondary button group"
        class="MuiButtonGroup-root sc-AxhUy bKjbty MuiButtonGroup-fullWidth"
        role="group"
      >
        <button
          class="MuiButtonBase-root MuiButton-root MuiButton-contained MuiButtonGroup-grouped MuiButtonGroup-groupedHorizontal MuiButtonGroup-groupedOutlined MuiButtonGroup-groupedOutlinedHorizontal MuiButtonGroup-groupedOutlinedSecondary MuiButton-containedPrimary MuiButton-fullWidth"
          tabindex="0"
          type="button"
        >
          <span
            class="MuiButton-label"
          >
            Accept
          </span>
          <span
            class="MuiTouchRipple-root"
          />
        </button>
        <button
          class="MuiButtonBase-root MuiButton-root MuiButton-contained MuiButtonGroup-grouped MuiButtonGroup-groupedHorizontal MuiButtonGroup-groupedOutlined MuiButtonGroup-groupedOutlinedHorizontal MuiButtonGroup-groupedOutlinedSecondary MuiButton-containedSecondary MuiButton-fullWidth"
          tabindex="0"
          type="button"
        >
          <span
            class="MuiButton-label"
          >
            Reject
          </span>
          <span
            class="MuiTouchRipple-root"
          />
        </button>
      </div>
    </article>
  </div>,
  "debug": [Function],
  "findAllByAltText": [Function],
  "findAllByDisplayValue": [Function],
  "findAllByLabelText": [Function],
  "findAllByPlaceholderText": [Function],
  "findAllByRole": [Function],
  "findAllByTestId": [Function],
  "findAllByText": [Function],
  "findAllByTitle": [Function],
  "findByAltText": [Function],
  "findByDisplayValue": [Function],
  "findByLabelText": [Function],
  "findByPlaceholderText": [Function],
  "findByRole": [Function],
  "findByTestId": [Function],
  "findByText": [Function],
  "findByTitle": [Function],
  "getAllByAltText": [Function],
  "getAllByDisplayValue": [Function],
  "getAllByLabelText": [Function],
  "getAllByPlaceholderText": [Function],
  "getAllByRole": [Function],
  "getAllByTestId": [Function],
  "getAllByText": [Function],
  "getAllByTitle": [Function],
  "getByAltText": [Function],
  "getByDisplayValue": [Function],
  "getByLabelText": [Function],
  "getByPlaceholderText": [Function],
  "getByRole": [Function],
  "getByTestId": [Function],
  "getByText": [Function],
  "getByTitle": [Function],
  "queryAllByAltText": [Function],
  "queryAllByDisplayValue": [Function],
  "queryAllByLabelText": [Function],
  "queryAllByPlaceholderText": [Function],
  "queryAllByRole": [Function],
  "queryAllByTestId": [Function],
  "queryAllByText": [Function],
  "queryAllByTitle": [Function],
  "queryByAltText": [Function],
  "queryByDisplayValue": [Function],
  "queryByLabelText": [Function],
  "queryByPlaceholderText": [Function],
  "queryByRole": [Function],
  "queryByTestId": [Function],
  "queryByText": [Function],
  "queryByTitle": [Function],
  "rerender": [Function],
  "unmount": [Function],
}
`;
